// Jest Snapshot v1, https://goo.gl/fbAQLP

exports[`test to see if the team renders correctly 1`] = `
<div>
  <h1>
    hello, world
  </h1>
</div>
`;
